// Jest Snapshot v1, https://goo.gl/fbAQLP

exports[`<ModalDynamic/> renders without parent component 1`] = `ShallowWrapper {}`;
